// Jest Snapshot v1, https://goo.gl/fbAQLP

exports[`Join should match the snapshot 1`] = `
<body>
  <div>
    <div
      class="MuiContainer-root makeStyles-root-1 MuiContainer-maxWidthLg"
    >
      <div
        class="MuiPaper-root MuiPaper-elevation1 MuiPaper-rounded"
      >
        <h3
          class="MuiTypography-root MuiTypography-h3"
        >
          Mistakes were made
        </h3>
        <h6
          class="MuiTypography-root MuiTypography-subtitle1"
        >
          You were hyperdicted... escape destruction by going
           
          <a
            class="MuiTypography-root MuiLink-root MuiLink-underlineHover MuiTypography-colorPrimary"
            href="/home"
          >
            home
          </a>
          .
        </h6>
        <img
          alt="404 Error"
          class="makeStyles-img-2"
          src="404.jpg"
        />
      </div>
    </div>
  </div>
</body>
`;
